Starters: {'C1=NC(=C2C(=N1)N(C=N2)[C@H]3[C@@H]([C@@H]([C@H](O3)CO)O)O)N'}
Generated network length: 3
Thermodynamic filtering: OFF (No_Thermo, unfiltered)
Job name: AdenosineOnly
Job type: enzymatic network expansion forward
Ruleset: JN3604IMT (JN3604IMT_rules.tsv)
Job started on: 2026-07-02 12:27:37.299244
Number of generations: 3
Number of operators loaded: 3571
Number of molecules before expantion (including cofactors): 42
Number of molecules after expantion (including cofactors): 5304
Number of reactions: 10264
Time used for network generation: 387.10 minutes

Network: 5304 molecules, 10264 reactions
Job name: AdenosineOnly
Job type: post-processing pretreat networks
Job started on: 2026-07-02 18:54:48.083049
Loading networks, it may take a while if loading large networks from file
Loading network 1 from memory
Number of reations in network 1: 10264
Networks loaded, now generating reaction strings
Reaction strings generation finished
Removing unconnected reactions
Unconnected reactions removed
Total number of reactions after pretreatment: 10141
Time used for network pretreatment: 0.01 minutes

Job name: AdenosineOnly
Job type: pathway search
Job started on: 2026-07-02 18:54:48.505056
Pathway finder started, total number of reactions in network 10141
Searching for pathways.
If it is taking too long, try adjusting pruning parameters
Pathway search finished, removing loops if there's any.
Time used for pathway search: 0.04 minutes
1 pathways found!
3 reactions found in all pathways
Min number of reactions in a pathway: 3
Max number of reactions in a pathway: 3
Pruning parameters for this search:
search_depth: 3
max_num_rxns: 3
min_rxn_atom_economy: 0.0

Job name: AdenosineOnly
Job type: pathway ranking
Job started on: 2026-07-02 18:54:51.096106
Start ranking pathways. Number of pathways after sanitization: 1
Reaction thermodynamics ranking working
Reaction thermodynamics ranking finished
Atom economy ranking working
Min_eco 1
Max_eco 1.0
None_eco 0
Atom_economy ranking finished
Number of steps ranking working
Number of steps ranking finished
By product_number ranking working
You can adjust multi-processing number to speed it up
By product_number ranking finished
min score 6.0
max score 6.0

Pathway ranking finished. Pathway scores:

ranking 1
final score 6.0
Max reaction enthalpy score 0  x  2  =  0
Number of reactions score 1.0  x  4  =  4.0
By-product score 1.0  x  2  =  2.0
Pathway atom economy score 0.0  x  1  =  0.0
Salt score 0  x  0  =  0
Reaxys score 0  x  0  =  0
Cool score 0  x  0  =  0
atom economy 1.0
pathway by-product 0
intermediate by-product {None: 0}
CC(=O)Nc1ncnc2c1ncn2[C@@H]1O[C@H](CO)[C@@H](O)[C@H]1O>>CC(O)Nc1ncnc2c1ncn2[C@]12O[C@@H]1[C@H](O)[C@@H](CO)O2
CC(=O)SCCNC(=O)CCNC(=O)[C@H](O)C(C)(C)COP(=O)(O)OP(=O)(O)OC[C@H]1O[C@@H](n2cnc3c(N)ncnc32)[C@H](O)[C@@H]1OP(=O)(O)O.Nc1ncnc2c1ncn2[C@@H]1O[C@H](CO)[C@@H](O)[C@H]1O>>CC(=O)Nc1ncnc2c1ncn2[C@@H]1O[C@H](CO)[C@@H](O)[C@H]1O.CC(C)(COP(=O)(O)OP(=O)(O)OC[C@H]1O[C@@H](n2cnc3c(N)ncnc32)[C@H](O)[C@@H]1OP(=O)(O)O)[C@@H](O)C(=O)NCCC(=O)NCCS
CC(O)Nc1ncnc2c1ncn2[C@]12O[C@@H]1[C@H](O)[C@@H](CO)O2>>CC(O)Nc1ncnc2c1ncn2[C@@]12OC[C@@](O)(CO)[C@H]1O2
rule0169_1
rule0042_10
rule0028_50
No_Thermo
No_Thermo
No_Thermo

Time used for pathway ranking: 0.00 minutes

Job name: AdenosineOnly
Job type: pathway visualization
Job started on: 2026-07-02 18:54:51.209151
pygraphviz is NOT installed.
A custom node layout will be used for pathway visualization
Number of pathways:  1
Number of reactions in reaxys:  0
Working on creating pages
You can adjust multi-processing number to speed up PDF generation
page done: 1
Finished with pages, writing to pdf
Time used for pathway visualization: 0.01 minutes

A custom node layout was used for pathway visualization
For a better layout, please install pygraphviz and Graphviz with the following command:
conda install conda-forge::pygraphviz
which should install both packages together

Compounds with a generated pathway: 1 / 5294
Total time: 23235.64s
