Starters: {'C1=NC2=C(N1[C@H]3[C@@H]([C@@H]([C@H](O3)CO)O)O)N=C(NC2=O)N'}
Generated network length: 3
Thermodynamic filtering: OFF (No_Thermo, unfiltered)
Job name: GuanosineOnly
Job type: enzymatic network expansion forward
Ruleset: JN3604IMT (JN3604IMT_rules.tsv)
Job started on: 2026-07-02 12:24:27.731225
Number of generations: 3
Number of operators loaded: 3571
Number of molecules before expantion (including cofactors): 42
Number of molecules after expantion (including cofactors): 6207
Number of reactions: 12098
Time used for network generation: 715.58 minutes

Network: 6207 molecules, 12098 reactions
Job name: GuanosineOnly
Job type: post-processing pretreat networks
Job started on: 2026-07-03 00:20:08.200202
Loading networks, it may take a while if loading large networks from file
Loading network 1 from memory
Number of reations in network 1: 12098
Networks loaded, now generating reaction strings
Reaction strings generation finished
Removing unconnected reactions
Unconnected reactions removed
Total number of reactions after pretreatment: 11965
Time used for network pretreatment: 0.01 minutes

Job name: GuanosineOnly
Job type: pathway search
Job started on: 2026-07-03 00:20:08.690431
Pathway finder started, total number of reactions in network 11965
Searching for pathways.
If it is taking too long, try adjusting pruning parameters
Pathway search finished, removing loops if there's any.
Time used for pathway search: 0.05 minutes
1 pathways found!
3 reactions found in all pathways
Min number of reactions in a pathway: 3
Max number of reactions in a pathway: 3
Pruning parameters for this search:
search_depth: 3
max_num_rxns: 3
min_rxn_atom_economy: 0.0

Job name: GuanosineOnly
Job type: pathway ranking
Job started on: 2026-07-03 00:20:11.920225
Start ranking pathways. Number of pathways after sanitization: 1
Reaction thermodynamics ranking working
Reaction thermodynamics ranking finished
Atom economy ranking working
Min_eco 0.5167146773542632
Max_eco 0.5167146773542632
None_eco 0
Atom_economy ranking finished
Number of steps ranking working
Number of steps ranking finished
By product_number ranking working
You can adjust multi-processing number to speed it up
By product_number ranking finished
min score 6.0
max score 6.0

Pathway ranking finished. Pathway scores:

ranking 1
final score 6.0
Max reaction enthalpy score 0  x  2  =  0
Number of reactions score 1.0  x  4  =  4.0
By-product score 1.0  x  2  =  2.0
Pathway atom economy score 0.0  x  1  =  0.0
Salt score 0  x  0  =  0
Reaxys score 0  x  0  =  0
Cool score 0  x  0  =  0
atom economy 0.5167146773542632
pathway by-product 0
intermediate by-product {None: 0}
CC(=O)O[C@@H]1[C@H](O)[C@@H](CO)O[C@H]1n1cnc2c(=O)[nH]c(N)nc21.NC(=O)C1=CN([C@@H]2O[C@H](COP(=O)(O)OP(=O)(O)OC[C@H]3O[C@@H](n4cnc5c(N)ncnc54)[C@H](OP(=O)(O)O)[C@@H]3O)[C@@H](O)[C@H]2O)C=CC1.O=O>>NC(=O)c1ccc[n+]([C@@H]2O[C@H](COP(=O)(O)OP(=O)(O)OC[C@H]3O[C@@H](n4cnc5c(N)ncnc54)[C@H](OP(=O)(O)O)[C@@H]3O)[C@@H](O)[C@H]2O)c1.Nc1nc2c(ncn2[C@@H]2O[C@H](CO)[C@@H](O)[C@H]2OC(=O)CO)c(=O)[nH]1.O
CC(=O)SCCNC(=O)CCNC(=O)[C@H](O)C(C)(C)COP(=O)(O)OP(=O)(O)OC[C@H]1O[C@@H](n2cnc3c(N)ncnc32)[C@H](O)[C@@H]1OP(=O)(O)O.Nc1nc2c(ncn2[C@@H]2O[C@H](CO)[C@@H](O)[C@H]2O)c(=O)[nH]1>>CC(=O)O[C@@H]1[C@H](O)[C@@H](CO)O[C@H]1n1cnc2c(=O)[nH]c(N)nc21.CC(C)(COP(=O)(O)OP(=O)(O)OC[C@H]1O[C@@H](n2cnc3c(N)ncnc32)[C@H](O)[C@@H]1OP(=O)(O)O)[C@@H](O)C(=O)NCCC(=O)NCCS
Nc1nc2c(ncn2[C@@H]2O[C@H](CO)[C@@H](O)[C@H]2OC(=O)CO)c(=O)[nH]1.Nc1nc2c(ncn2[C@@H]2O[C@H](CO)[C@@H](O)[C@H]2OC(=O)CO)c(=O)[nH]1>>Nc1nc2c(ncn2[C@@H]2O[C@H](CO)[C@@H](O)[C@H]2OC=O)c(=O)[nH]1.Nc1nc2c(ncn2[C@@H]2O[C@H](CO)[C@@](O)(CO)[C@H]2OC(=O)CO)c(=O)[nH]1
rule0004_13
rule0062_19
rule0126_2
No_Thermo
No_Thermo
No_Thermo

Time used for pathway ranking: 0.00 minutes

Job name: GuanosineOnly
Job type: pathway visualization
Job started on: 2026-07-03 00:20:12.024604
pygraphviz is NOT installed.
A custom node layout will be used for pathway visualization
Number of pathways:  1
Number of reactions in reaxys:  0
Working on creating pages
You can adjust multi-processing number to speed up PDF generation
page done: 1
Finished with pages, writing to pdf
Time used for pathway visualization: 0.01 minutes

A custom node layout was used for pathway visualization
For a better layout, please install pygraphviz and Graphviz with the following command:
conda install conda-forge::pygraphviz
which should install both packages together

Compounds with a generated pathway: 2 / 6197
Total time: 42946.04s
