Starter: C1=C(/C(=C\C=O)/OC1=O)N
Job name: BasidalinOnly_gen1
Job type: enzymatic network expansion forward
Ruleset: JN3604IMT (JN3604IMT_rules.tsv)
Job started on: 2026-03-09 10:58:30.663373
Number of generations: 1
Number of operators loaded: 3571
Number of molecules before expantion (including cofactors): 42
Number of molecules after expantion (including cofactors): 67
Number of reactions: 29
Time used for network generation: 0.28 minutes


Generated 67 new molecules + 1 starters
Using 59 generated molecules as targets for pathway finding

Saved molecules to BasidalinOnly_gen1_molecules.csv
Job name: BasidalinOnly_gen1
Job type: post-processing pretreat networks
Job started on: 2026-03-09 10:58:49.760461
Loading networks, it may take a while if loading large networks from file
Loading network 1 from memory
Number of reations in network 1: 29
Networks loaded, now generating reaction strings
Reaction strings generation finished
Removing unconnected reactions
Unconnected reactions removed
Total number of reactions after pretreatment: 29
Time used for network pretreatment: 0.00 minutes

Job name: BasidalinOnly_gen1
Job type: pathway search
Job started on: 2026-03-09 10:58:49.786804
Pathway finder started, total number of reactions in network 29
Searching for pathways.
If it is taking too long, try adjusting pruning parameters
Pathway search finished, removing loops if there's any.
Time used for pathway search: 0.00 minutes
1 pathways found!
1 reactions found in all pathways
Min number of reactions in a pathway: 1
Max number of reactions in a pathway: 1
Pruning parameters for this search:
search_depth: 3
max_num_rxns: 3
min_rxn_atom_economy: 0.3

Job name: BasidalinOnly_gen1
Job type: pathway ranking
Job started on: 2026-03-09 10:58:49.802650
Start ranking pathways. Number of pathways after sanitization: 1
Reaction thermodynamics ranking working
Reaction thermodynamics ranking finished
Atom economy ranking working
Min_eco 0.8959416372080128
Max_eco 0.8959416372080128
None_eco 0
Atom_economy ranking finished
Number of steps ranking working
Number of steps ranking finished
By product_number ranking working
You can adjust multi-processing number to speed it up
By product_number ranking finished
min score 6.0
max score 6.0

Pathway ranking finished. Pathway scores:

ranking 1
final score 6.0
Max reaction enthalpy score 0  x  2  =  0
Number of reactions score 1.0  x  4  =  4.0
By-product score 1.0  x  2  =  2.0
Pathway atom economy score 0.0  x  1  =  0.0
Salt score 0  x  0  =  0
Reaxys score 0  x  0  =  0
Cool score 0  x  0  =  0
atom economy 0.8959416372080128
pathway by-product 0
intermediate by-product {None: 0}
NC(=O)C1=CN([C@@H]2O[C@H](COP(=O)(O)OP(=O)(O)OC[C@H]3O[C@@H](n4cnc5c(N)ncnc54)[C@H](OP(=O)(O)O)[C@@H]3O)[C@@H](O)[C@H]2O)C=CC1.NC1=CC(=O)O/C1=C/C=O.O=O>>NC(=O)c1ccc[n+]([C@@H]2O[C@H](COP(=O)(O)OP(=O)(O)OC[C@H]3O[C@@H](n4cnc5c(N)ncnc54)[C@H](OP(=O)(O)O)[C@@H]3O)[C@@H](O)[C@H]2O)c1.NC1=CC(=O)O/C1=C(\O)C=O.O
rule0004_13
No_Thermo

Time used for pathway ranking: 0.00 minutes

Job name: BasidalinOnly_gen1
Job type: pathway visualization
Job started on: 2026-03-09 10:58:49.934949
pygraphviz is NOT installed.
A custom node layout will be used for pathway visualization
Number of pathways:  1
Number of reactions in reaxys:  0
Working on creating pages
You can adjust multi-processing number to speed up PDF generation
page done: 1
Finished with pages, writing to pdf
Time used for pathway visualization: 0.04 minutes

A custom node layout was used for pathway visualization
For a better layout, please install pygraphviz and Graphviz with the following command:
conda install conda-forge::pygraphviz
which should install both packages together


Pathway files generated with prefix: BasidalinOnly_gen1
Time: 21.86 s
