Starter: C1=C(N=C(C(=O)N1)C(=O)N)F
Job name: FavipiravirOnly_gen3
Job type: enzymatic network expansion forward
Ruleset: JN3604IMT (JN3604IMT_rules.tsv)
Job started on: 2026-04-20 16:08:01.149266
Number of generations: 3
Number of operators loaded: 3571
Number of molecules before expantion (including cofactors): 42
Number of molecules after expantion (including cofactors): 241
Number of reactions: 357
Time used for network generation: 6.12 minutes


Generated 241 new molecules + 1 starters
Using 231 generated molecules as targets for pathway finding

Saved molecules to FavipiravirOnly_gen3_molecules.csv
Job name: FavipiravirOnly_gen3
Job type: post-processing pretreat networks
Job started on: 2026-04-20 16:14:11.365271
Loading networks, it may take a while if loading large networks from file
Loading network 1 from memory
Number of reations in network 1: 357
Networks loaded, now generating reaction strings
Reaction strings generation finished
Removing unconnected reactions
Unconnected reactions removed
Total number of reactions after pretreatment: 354
Time used for network pretreatment: 0.00 minutes

Job name: FavipiravirOnly_gen3
Job type: pathway search
Job started on: 2026-04-20 16:14:11.398176
Pathway finder started, total number of reactions in network 354
Searching for pathways.
If it is taking too long, try adjusting pruning parameters
Pathway search finished, removing loops if there's any.
Time used for pathway search: 0.00 minutes
2 pathways found!
5 reactions found in all pathways
Min number of reactions in a pathway: 3
Max number of reactions in a pathway: 3
Pruning parameters for this search:
search_depth: 3
max_num_rxns: 3
min_rxn_atom_economy: 0.3

Job name: FavipiravirOnly_gen3
Job type: pathway ranking
Job started on: 2026-04-20 16:14:11.470174
Start ranking pathways. Number of pathways after sanitization: 2
Reaction thermodynamics ranking working
Reaction thermodynamics ranking finished
Atom economy ranking working
Min_eco 0.9314048768600455
Max_eco 0.9314048768600455
None_eco 0
Atom_economy ranking finished
Number of steps ranking working
Number of steps ranking finished
By product_number ranking working
You can adjust multi-processing number to speed it up
By product_number ranking finished
min score 6.0
max score 6.0

Pathway ranking finished. Pathway scores:

ranking 1
final score 6.0
Max reaction enthalpy score 0  x  2  =  0
Number of reactions score 1.0  x  4  =  4.0
By-product score 1.0  x  2  =  2.0
Pathway atom economy score 0.0  x  1  =  0.0
Salt score 0  x  0  =  0
Reaxys score 0  x  0  =  0
Cool score 0  x  0  =  0
atom economy 0.9314048768600455
pathway by-product 0
intermediate by-product {None: 0}
C#N.NC(=O)c1nc(F)c[nH]c1=O>>N#CC(N)(O)c1nc(F)c[nH]c1=O
CC(=O)SCCNC(=O)CCNC(=O)[C@H](O)C(C)(C)COP(=O)(O)OP(=O)(O)OC[C@H]1O[C@@H](n2cnc3c(N)ncnc32)[C@H](O)[C@@H]1OP(=O)(O)O.N#CC(N)(Cl)c1nc(F)c[nH]c1=O>>CC(=O)NC(Cl)(C#N)c1nc(F)c[nH]c1=O.CC(C)(COP(=O)(O)OP(=O)(O)OC[C@H]1O[C@@H](n2cnc3c(N)ncnc32)[C@H](O)[C@@H]1OP(=O)(O)O)[C@@H](O)C(=O)NCCC(=O)NCCS
Cl.N#CC(N)(O)c1nc(F)c[nH]c1=O>>N#CC(N)(Cl)c1nc(F)c[nH]c1=O.O
rule0393_8
rule0042_09
rule0183_6
No_Thermo
No_Thermo
No_Thermo

ranking 2
final score 6.0
Max reaction enthalpy score 0  x  2  =  0
Number of reactions score 1.0  x  4  =  4.0
By-product score 1.0  x  2  =  2.0
Pathway atom economy score 0.0  x  1  =  0.0
Salt score 0  x  0  =  0
Reaxys score 0  x  0  =  0
Cool score 0  x  0  =  0
atom economy 0.9314048768600455
pathway by-product 0
intermediate by-product {None: 0}
C#N.NC(=O)c1nc(F)c[nH]c1=O>>N#CC(N)(O)c1nc(F)c[nH]c1=O
CC(=O)NC(O)(C#N)c1nc(F)c[nH]c1=O.Cl>>CC(=O)NC(Cl)(C#N)c1nc(F)c[nH]c1=O.O
CC(=O)SCCNC(=O)CCNC(=O)[C@H](O)C(C)(C)COP(=O)(O)OP(=O)(O)OC[C@H]1O[C@@H](n2cnc3c(N)ncnc32)[C@H](O)[C@@H]1OP(=O)(O)O.N#CC(N)(O)c1nc(F)c[nH]c1=O>>CC(=O)NC(O)(C#N)c1nc(F)c[nH]c1=O.CC(C)(COP(=O)(O)OP(=O)(O)OC[C@H]1O[C@@H](n2cnc3c(N)ncnc32)[C@H](O)[C@@H]1OP(=O)(O)O)[C@@H](O)C(=O)NCCC(=O)NCCS
rule0393_8
rule0183_6
rule0042_09
No_Thermo
No_Thermo
No_Thermo

Time used for pathway ranking: 0.00 minutes

Job name: FavipiravirOnly_gen3
Job type: pathway visualization
Job started on: 2026-04-20 16:14:11.606712
pygraphviz is NOT installed.
A custom node layout will be used for pathway visualization
Number of pathways:  2
Number of reactions in reaxys:  0
Working on creating pages
You can adjust multi-processing number to speed up PDF generation
page done: 1
page done: 2
Finished with pages, writing to pdf
Time used for pathway visualization: 0.02 minutes

A custom node layout was used for pathway visualization
For a better layout, please install pygraphviz and Graphviz with the following command:
conda install conda-forge::pygraphviz
which should install both packages together


Pathway files generated with prefix: FavipiravirOnly_gen3
Time: 371.48 s
