Starter: CCCCCCCCCCCCCCCCOCCCOP(=O)(CO[C@@H](CN1C=CC(=NC1=O)N)CO)O
Job name: BrincidofovirOnly_gen2
Job type: enzymatic network expansion forward
Ruleset: JN3604IMT (JN3604IMT_rules.tsv)
Job started on: 2026-06-02 12:35:39.872935
Number of generations: 2
Number of operators loaded: 3571
Number of molecules before expantion (including cofactors): 42
Number of molecules after expantion (including cofactors): 289483
Number of reactions: 685193
Time used for network generation: 24855.03 minutes


Generated 289483 new molecules + 1 starters
Using 289473 generated molecules as targets for pathway finding

Saved molecules to BrincidofovirOnly_gen2_molecules.csv
Job name: BrincidofovirOnly_gen2
Job type: post-processing pretreat networks
Job started on: 2026-06-19 18:54:00.713376
Loading networks, it may take a while if loading large networks from file
Loading network 1 from memory
Number of reations in network 1: 685193
Networks loaded, now generating reaction strings
Reaction strings generation finished
Removing unconnected reactions
Unconnected reactions removed
Total number of reactions after pretreatment: 682585
Time used for network pretreatment: 0.37 minutes

Job name: BrincidofovirOnly_gen2
Job type: pathway search
Job started on: 2026-06-19 18:54:24.314880
Pathway finder started, total number of reactions in network 682585
Searching for pathways.
If it is taking too long, try adjusting pruning parameters
Pathway search finished, removing loops if there's any.
Time used for pathway search: 3.18 minutes
3 pathways found!
5 reactions found in all pathways
Min number of reactions in a pathway: 2
Max number of reactions in a pathway: 2
Pruning parameters for this search:
search_depth: 2
max_num_rxns: 2
min_rxn_atom_economy: 0.3

Job name: BrincidofovirOnly_gen2
Job type: pathway ranking
Job started on: 2026-06-19 18:57:35.318550
Start ranking pathways. Number of pathways after sanitization: 3
Reaction thermodynamics ranking working
Reaction thermodynamics ranking finished
Atom economy ranking working
Min_eco 0.5124861803699833
Max_eco 0.5124861803699834
None_eco 0
Atom_economy ranking finished
Number of steps ranking working
Number of steps ranking finished
By product_number ranking working
You can adjust multi-processing number to speed it up
By product_number ranking finished
min score 6.0
max score 7.0

Pathway ranking finished. Pathway scores:

ranking 1
final score 7.0
Max reaction enthalpy score 0  x  2  =  0
Number of reactions score 1.0  x  4  =  4.0
By-product score 1.0  x  2  =  2.0
Pathway atom economy score 1.0  x  1  =  1.0
Salt score 0  x  0  =  0
Reaxys score 0  x  0  =  0
Cool score 0  x  0  =  0
atom economy 0.5124861803699834
pathway by-product 0
intermediate by-product {None: 0}
CCCCCCCCCCCCCCCCOCCCOP(=O)(O)CO[C@H](CO)Cn1ccc(N)nc1=O>>CCCCCCCCOCCC(CCCCCCCC)OP(=O)(O)CO[C@H](CO)Cn1ccc(N)nc1=O
CCCCCCCCOCCC(CCCCCCCC)OP(=O)(O)CO[C@H](CO)Cn1ccc(N)nc1=O.CCCCCCCCOCCC(CCCCCCCC)OP(=O)(O)CO[C@H](CO)Cn1ccc(N)nc1=O>>CCCCCCCCC(CCOCCCCCCC)OP(=O)(O)CO[C@H](CO)Cn1ccc(N)nc1=O.CCCCCCCCOCCC(CCCCCCCC)OP(=O)(O)CO[C@H](CO)Cn1cc(C)c(N)nc1=O
rule0028_51
rule0126_2
No_Thermo
No_Thermo

ranking 2
final score 6.0
Max reaction enthalpy score 0  x  2  =  0
Number of reactions score 1.0  x  4  =  4.0
By-product score 1.0  x  2  =  2.0
Pathway atom economy score 0.0  x  1  =  0.0
Salt score 0  x  0  =  0
Reaxys score 0  x  0  =  0
Cool score 0  x  0  =  0
atom economy 0.5124861803699833
pathway by-product 0
intermediate by-product {None: 0}
CCCCCCCCCCCCCCCCOCCCOP(=O)(O)CO[C@H](CO)Cn1ccc(N)nc1=O>>CCCCCCCCOCCC(CCCCCCCC)OP(=O)(O)CO[C@H](CO)Cn1ccc(N)nc1=O
CCCCCCCCOCCC(CCCCCCCC)OP(=O)(O)CO[C@H](CO)Cn1ccc(N)nc1=O.CCCCCCCCOCCC(CCCCCCCC)OP(=O)(O)CO[C@H](CO)Cn1ccc(N)nc1=O>>CCCCCCCCOCCC(CCCCCCC)OP(=O)(O)CO[C@H](CO)Cn1ccc(N)nc1=O.CCCCCCCCOCCC(CCCCCCCC)OP(=O)(O)CO[C@H](CO)Cn1cc(C)c(N)nc1=O
rule0028_51
rule0126_2
No_Thermo
No_Thermo

ranking 3
final score 6.0
Max reaction enthalpy score 0  x  2  =  0
Number of reactions score 1.0  x  4  =  4.0
By-product score 1.0  x  2  =  2.0
Pathway atom economy score 0.0  x  1  =  0.0
Salt score 0  x  0  =  0
Reaxys score 0  x  0  =  0
Cool score 0  x  0  =  0
atom economy 0.5124861803699833
pathway by-product 0
intermediate by-product {None: 0}
CCCCCCCCCCCCCCCCOCCCOP(=O)(O)CO[C@H](CO)Cn1cc(C)c(N)nc1=O>>CCCCCCCCOCCC(CCCCCCCC)OP(=O)(O)CO[C@H](CO)Cn1cc(C)c(N)nc1=O
CCCCCCCCCCCCCCCCOCCCOP(=O)(O)CO[C@H](CO)Cn1ccc(N)nc1=O.CCCCCCCCCCCCCCCCOCCCOP(=O)(O)CO[C@H](CO)Cn1ccc(N)nc1=O>>CCCCCCCCCCCCCCCCOCCCOP(=O)(O)CO[C@H](CO)Cn1cc(C)c(N)nc1=O.CCCCCCCCCCCCCCCOCCCOP(=O)(O)CO[C@H](CO)Cn1ccc(N)nc1=O
rule0028_51
rule0126_2
No_Thermo
No_Thermo

Time used for pathway ranking: 0.00 minutes

Job name: BrincidofovirOnly_gen2
Job type: pathway visualization
Job started on: 2026-06-19 18:57:35.569011
pygraphviz is NOT installed.
Graphviz is NOT installed.
A custom node layout will be used for pathway visualization
Number of pathways:  3
Number of reactions in reaxys:  0
Working on creating pages
You can adjust multi-processing number to speed up PDF generation
page done: 1
page done: 2
page done: 3
Finished with pages, writing to pdf
Time used for pathway visualization: 0.02 minutes

A custom node layout was used for pathway visualization
For a better layout, please install pygraphviz and Graphviz with the following command:
conda install conda-forge::pygraphviz
which should install both packages together


Pathway files generated with prefix: BrincidofovirOnly_gen2
Time: 1491716.98 s
