Loading configuration from: config.yaml
======================================================================
CONFIGURATION
======================================================================
Input file: drugBankDrugDataDF_wSMILES_short.csv
SMILES column: Canonical_SMILES
Start index: 0
Number to process: all
Output directory: doranet_output
Workers: 64
Generations: 2
Ruleset: JN3604IMT
Direction: forward
Max atoms: {'C': 75, 'N': 42, 'O': 129, 'S': 15}
======================================================================
Configuration saved to: doranet_output/config_used.yaml

Reading SMILES from CSV...
Loaded 14332 SMILES

Starting parallel processing
  Total SMILES: 14332
  Workers: 64
----------------------------------------------------------------------
Job name: starter_00016
Job type: enzymatic network expansion forward
Ruleset: JN3604IMT (JN3604IMT_rules.tsv)
Job started on: 2026-02-12 09:06:52.353039
Number of generations: 2
Number of operators loaded: 3571
Number of molecules before expantion (including cofactors): 41
Number of molecules after expantion (including cofactors): 41
Number of reactions: 0
Time used for network generation: 1.37 minutes

Job name: starter_00016
Job type: post-processing pretreat networks
Job started on: 2026-02-12 09:08:17.750517
Loading networks, it may take a while if loading large networks from file
Loading network 1 from memory
Number of reations in network 1: 0
Networks loaded, now generating reaction strings
Reaction strings generation finished
Removing unconnected reactions
Unconnected reactions removed
Total number of reactions after pretreatment: 0
Time used for network pretreatment: 0.00 minutes

Job name: starter_00016
Job type: pathway search
Job started on: 2026-02-12 09:08:17.754335
Pathway finder started, total number of reactions in network 0
Searching for pathways.
If it is taking too long, try adjusting pruning parameters
No pathway found! Try adjusting pruning parameters.
Pathway search finished, removing loops if there's any.
Time used for pathway search: 0.00 minutes

Job name: starter_00016
Job type: pathway ranking
Job started on: 2026-02-12 09:08:17.756628
Start ranking pathways. Number of pathways after sanitization: 1
Reaction thermodynamics ranking working
Reaction thermodynamics ranking finished
Atom economy ranking working
Atom economy calculation error for pathway 1
Min_eco 0
Max_eco 0
None_eco 0
Atom_economy ranking finished
Number of steps ranking working
Number of steps ranking finished
By product_number ranking working
You can adjust multi-processing number to speed it up
By product_number ranking finished
min score 6.0
max score 6.0

Pathway ranking finished. Pathway scores:

ranking 1
final score 6.0
Max reaction enthalpy score 0  x  2  =  0
Number of reactions score 1.0  x  4  =  4.0
By-product score 1.0  x  2  =  2.0
Pathway atom economy score 0.0  x  1  =  0.0
Salt score 0  x  0  =  0
Reaxys score 0  x  0  =  0
Cool score 0  x  0  =  0
atom economy 0
pathway by-product 0
intermediate by-product {None: 0}
C[N+](C)(C)CCC[N+](C)(C)CCO.C[S+](CC[C@H](N)C(=O)O)C[C@H]1O[C@@H](n2cnc3c(N)ncnc32)[C@H](O)[C@@H]1O>>CC(C[N+](C)(C)C)C[N+](C)(C)CCO.Nc1ncnc2c1ncn2[C@@H]1O[C@H](CSCC[C@H](N)C(=O)O)[C@@H](O)[C@H]1O
C[N+](C)(C)CCO.C[N+](C)(C)CCO>>C[N+](C)(C)CCC[N+](C)(C)CCO.O
rule0043_12
rule0084_19
No_Thermo
No_Thermo

Time used for pathway ranking: 0.00 minutes

Job name: starter_00016
Job type: pathway visualization
Job started on: 2026-02-12 09:08:17.820327
pygraphviz is NOT installed.
A custom node layout will be used for pathway visualization
Number of pathways:  1
Number of reactions in reaxys:  0
Working on creating pages
You can adjust multi-processing number to speed up PDF generation
page done: 1
Job name: starter_00057
Job type: enzymatic network expansion forward
Ruleset: JN3604IMT (JN3604IMT_rules.tsv)
Job started on: 2026-02-12 09:06:52.486103
Number of generations: 2
Number of operators loaded: 3571
Number of molecules before expantion (including cofactors): 42
Number of molecules after expantion (including cofactors): 118
Number of reactions: 91
Time used for network generation: 1.36 minutes

Job name: starter_00057
Job type: post-processing pretreat networks
Job started on: 2026-02-12 09:08:19.198548
Loading networks, it may take a while if loading large networks from file
Loading network 1 from memory
Number of reations in network 1: 91
Networks loaded, now generating reaction strings
Reaction strings generation finished
Removing unconnected reactions
Unconnected reactions removed
Total number of reactions after pretreatment: 91
Time used for network pretreatment: 0.00 minutes

Job name: starter_00057
Job type: pathway search
Job started on: 2026-02-12 09:08:19.239979
Pathway finder started, total number of reactions in network 91
Searching for pathways.
If it is taking too long, try adjusting pruning parameters
Pathway search finished, removing loops if there's any.
Time used for pathway search: 0.00 minutes
1 pathways found!
2 reactions found in all pathways
Min number of reactions in a pathway: 2
Max number of reactions in a pathway: 2
Pruning parameters for this search:
search_depth: 2
max_num_rxns: 2
min_rxn_atom_economy: 0.3

Job name: starter_00057
Job type: pathway ranking
Job started on: 2026-02-12 09:08:19.302213
Start ranking pathways. Number of pathways after sanitization: 1
Reaction thermodynamics ranking working
Reaction thermodynamics ranking finished
Atom economy ranking working
Min_eco 0.9547235094571788
Max_eco 0.9547235094571788
None_eco 0
Atom_economy ranking finished
Number of steps ranking working
Number of steps ranking finished
By product_number ranking working
You can adjust multi-processing number to speed it up
By product_number ranking finished
min score 6.0
max score 6.0

Pathway ranking finished. Pathway scores:

ranking 1
final score 6.0
Max reaction enthalpy score 0  x  2  =  0
Number of reactions score 1.0  x  4  =  4.0
By-product score 1.0  x  2  =  2.0
Pathway atom economy score 0.0  x  1  =  0.0
Salt score 0  x  0  =  0
Reaxys score 0  x  0  =  0
Cool score 0  x  0  =  0
atom economy 0.9547235094571788
pathway by-product 0
intermediate by-product {None: 0}
CC(=O)Nc1ncnc2nc[nH]c12.CC(=O)Nc1ncnc2nc[nH]c12>>C.CC(=O)Nc1nc(C(=O)Nc2ncnc3nc[nH]c23)nc2nc[nH]c12
CC(=O)SCCNC(=O)CCNC(=O)[C@H](O)C(C)(C)COP(=O)(O)OP(=O)(O)OC[C@H]1O[C@@H](n2cnc3c(N)ncnc32)[C@H](O)[C@@H]1OP(=O)(O)O.Nc1ncnc2nc[nH]c12>>CC(=O)Nc1ncnc2nc[nH]c12.CC(C)(COP(=O)(O)OP(=O)(O)OC[C@H]1O[C@@H](n2cnc3c(N)ncnc32)[C@H](O)[C@@H]1OP(=O)(O)O)[C@@H](O)C(=O)NCCC(=O)NCCS
rule0126_2
rule0042_10
No_Thermo
No_Thermo

Time used for pathway ranking: 0.00 minutes

Job name: starter_00057
Job type: pathway visualization
Job started on: 2026-02-12 09:08:19.381064
pygraphviz is NOT installed.
A custom node layout will be used for pathway visualization
Number of pathways:  1
Number of reactions in reaxys:  0
Working on creating pages
You can adjust multi-processing number to speed up PDF generation
page done: 1
Job name: starter_00054
Job type: enzymatic network expansion forward
Ruleset: JN3604IMT (JN3604IMT_rules.tsv)
Job started on: 2026-02-12 09:06:52.480503
Number of generations: 2
Number of operators loaded: 3571
Number of molecules before expantion (including cofactors): 42
Number of molecules after expantion (including cofactors): 832
Number of reactions: 1023
Time used for network generation: 5.66 minutes

Job name: starter_00054
Job type: post-processing pretreat networks
Job started on: 2026-02-12 09:12:35.611687
Loading networks, it may take a while if loading large networks from file
Loading network 1 from memory
Number of reations in network 1: 1023
Networks loaded, now generating reaction strings
Reaction strings generation finished
Removing unconnected reactions
Unconnected reactions removed
Total number of reactions after pretreatment: 1023
Time used for network pretreatment: 0.00 minutes

Job name: starter_00054
Job type: pathway search
Job started on: 2026-02-12 09:12:35.673917
Pathway finder started, total number of reactions in network 1023
Searching for pathways.
If it is taking too long, try adjusting pruning parameters
Pathway search finished, removing loops if there's any.
Time used for pathway search: 0.00 minutes
1 pathways found!
2 reactions found in all pathways
Min number of reactions in a pathway: 2
Max number of reactions in a pathway: 2
Pruning parameters for this search:
search_depth: 2
max_num_rxns: 2
min_rxn_atom_economy: 0.3

Job name: starter_00054
Job type: pathway ranking
Job started on: 2026-02-12 09:12:35.944072
Start ranking pathways. Number of pathways after sanitization: 1
Reaction thermodynamics ranking working
Reaction thermodynamics ranking finished
Atom economy ranking working
Min_eco 0.3040212778674317
Max_eco 0.3040212778674317
None_eco 0
Atom_economy ranking finished
Number of steps ranking working
Number of steps ranking finished
By product_number ranking working
You can adjust multi-processing number to speed it up
By product_number ranking finished
min score 6.0
max score 6.0

Pathway ranking finished. Pathway scores:

ranking 1
final score 6.0
Max reaction enthalpy score 0  x  2  =  0
Number of reactions score 1.0  x  4  =  4.0
By-product score 1.0  x  2  =  2.0
Pathway atom economy score 0.0  x  1  =  0.0
Salt score 0  x  0  =  0
Reaxys score 0  x  0  =  0
Cool score 0  x  0  =  0
atom economy 0.3040212778674317
pathway by-product 0
intermediate by-product {None: 0}
CC(C)=CCOP(=O)(O)OP(=O)(O)O.CC1=CC(=O)c2ccccc2C1=O>>CC(C)=CCc1cccc2c1C(=O)C(C)=CC2=O.O=P(O)(O)OP(=O)(O)O
CC(C)=CCc1cccc2c1C(=O)C(C)=CC2=O.CC(C)=CCc1cccc2c1C(=O)C(C)=CC2=O>>CC(C)=CCc1cc(C)cc2c1C(=O)C(C)=CC2=O.CC=CCc1cccc2c1C(=O)C(C)=CC2=O
rule0110_5
rule0126_2
No_Thermo
No_Thermo

Time used for pathway ranking: 0.00 minutes

Job name: starter_00054
Job type: pathway visualization
Job started on: 2026-02-12 09:12:36.000989
pygraphviz is NOT installed.
A custom node layout will be used for pathway visualization
Number of pathways:  1
Number of reactions in reaxys:  0
Working on creating pages
You can adjust multi-processing number to speed up PDF generation
page done: 1
Job name: starter_00049
Job type: enzymatic network expansion forward
Ruleset: JN3604IMT (JN3604IMT_rules.tsv)
Job started on: 2026-02-12 09:06:52.463206
Number of generations: 2
Number of operators loaded: 3571
Number of molecules before expantion (including cofactors): 42
Number of molecules after expantion (including cofactors): 1077
Number of reactions: 1621
Time used for network generation: 7.49 minutes

Job name: starter_00049
Job type: post-processing pretreat networks
Job started on: 2026-02-12 09:14:25.701628
Loading networks, it may take a while if loading large networks from file
Loading network 1 from memory
Number of reations in network 1: 1621
Networks loaded, now generating reaction strings
Reaction strings generation finished
Removing unconnected reactions
Unconnected reactions removed
Total number of reactions after pretreatment: 1614
Time used for network pretreatment: 0.00 minutes

Job name: starter_00049
Job type: pathway search
Job started on: 2026-02-12 09:14:25.786651
Pathway finder started, total number of reactions in network 1614
Searching for pathways.
If it is taking too long, try adjusting pruning parameters
Pathway search finished, removing loops if there's any.
Time used for pathway search: 0.01 minutes
1 pathways found!
2 reactions found in all pathways
Min number of reactions in a pathway: 2
Max number of reactions in a pathway: 2
Pruning parameters for this search:
search_depth: 2
max_num_rxns: 2
min_rxn_atom_economy: 0.3

Job name: starter_00049
Job type: pathway ranking
Job started on: 2026-02-12 09:14:26.174500
Start ranking pathways. Number of pathways after sanitization: 1
Reaction thermodynamics ranking working
Reaction thermodynamics ranking finished
Atom economy ranking working
Min_eco 0.7281246887459594
Max_eco 0.7281246887459594
None_eco 0
Atom_economy ranking finished
Number of steps ranking working
Number of steps ranking finished
By product_number ranking working
You can adjust multi-processing number to speed it up
By product_number ranking finished
min score 6.0
max score 6.0

Pathway ranking finished. Pathway scores:

ranking 1
final score 6.0
Max reaction enthalpy score 0  x  2  =  0
Number of reactions score 1.0  x  4  =  4.0
By-product score 1.0  x  2  =  2.0
Pathway atom economy score 0.0  x  1  =  0.0
Salt score 0  x  0  =  0
Reaxys score 0  x  0  =  0
Cool score 0  x  0  =  0
atom economy 0.7281246887459594
pathway by-product 0
intermediate by-product {None: 0}
Cc1ncc(CO)c(CO)c1O.O=c1ccn([C@@H]2O[C@H](COP(=O)(O)OP(=O)(O)O[C@H]3O[C@H](CO)[C@@H](O)[C@H](O)[C@H]3O)[C@@H](O)[C@H]2O)c(=O)[nH]1>>Cc1ncc(CO[C@H]2O[C@H](CO)[C@@H](O)[C@H](O)[C@H]2O)c(CO)c1O.O=c1ccn([C@@H]2O[C@H](COP(=O)(O)OP(=O)(O)O)[C@@H](O)[C@H]2O)c(=O)[nH]1
Cc1ncc(CO[C@H]2O[C@H](CO)[C@@H](O)[C@H](O)[C@H]2O)c(CO)c1O.Cc1ncc(CO[C@H]2O[C@H](CO)[C@@H](O)[C@H](O)[C@H]2O)c(CO)c1O>>Cc1ncc(COc2c(C)ncc(CO[C@H]3O[C@H](CO)[C@@H](O)[C@H](O)[C@H]3O)c2CO)c(CO)c1O.OC[C@H]1O[C@H](O)[C@H](O)[C@@H](O)[C@@H]1O
rule0009_41
rule0001_88
No_Thermo
No_Thermo

Time used for pathway ranking: 0.00 minutes

Job name: starter_00049
Job type: pathway visualization
Job started on: 2026-02-12 09:14:26.243722
pygraphviz is NOT installed.
A custom node layout will be used for pathway visualization
Number of pathways:  1
Number of reactions in reaxys:  0
Working on creating pages
You can adjust multi-processing number to speed up PDF generation
page done: 1
Job name: starter_00032
Job type: enzymatic network expansion forward
Ruleset: JN3604IMT (JN3604IMT_rules.tsv)
Job started on: 2026-02-12 09:06:52.403308
Number of generations: 2
Number of operators loaded: 3571
Number of molecules before expantion (including cofactors): 42
Number of molecules after expantion (including cofactors): 1479
Number of reactions: 1893
Time used for network generation: 11.20 minutes

Job name: starter_00032
Job type: post-processing pretreat networks
Job started on: 2026-02-12 09:18:08.343300
Loading networks, it may take a while if loading large networks from file
Loading network 1 from memory
Number of reations in network 1: 1893
Networks loaded, now generating reaction strings
Reaction strings generation finished
Removing unconnected reactions
Unconnected reactions removed
Total number of reactions after pretreatment: 1888
Time used for network pretreatment: 0.00 minutes

Job name: starter_00032
Job type: pathway search
Job started on: 2026-02-12 09:18:08.437717
Pathway finder started, total number of reactions in network 1888
Searching for pathways.
If it is taking too long, try adjusting pruning parameters
Pathway search finished, removing loops if there's any.
Time used for pathway search: 0.01 minutes
1 pathways found!
2 reactions found in all pathways
Min number of reactions in a pathway: 2
Max number of reactions in a pathway: 2
Pruning parameters for this search:
search_depth: 2
max_num_rxns: 2
min_rxn_atom_economy: 0.3

Job name: starter_00032
Job type: pathway ranking
Job started on: 2026-02-12 09:18:08.888488
Start ranking pathways. Number of pathways after sanitization: 1
Reaction thermodynamics ranking working
Reaction thermodynamics ranking finished
Atom economy ranking working
Min_eco 1
Max_eco 1.0
None_eco 0
Atom_economy ranking finished
Number of steps ranking working
Number of steps ranking finished
By product_number ranking working
You can adjust multi-processing number to speed it up
By product_number ranking finished
min score 6.0
max score 6.0

Pathway ranking finished. Pathway scores:

ranking 1
final score 6.0
Max reaction enthalpy score 0  x  2  =  0
Number of reactions score 1.0  x  4  =  4.0
By-product score 1.0  x  2  =  2.0
Pathway atom economy score 0.0  x  1  =  0.0
Salt score 0  x  0  =  0
Reaxys score 0  x  0  =  0
Cool score 0  x  0  =  0
atom economy 1.0
pathway by-product 0
intermediate by-product {None: 0}
Cc1nc(C(O)c2c(CO)cnc(C)c2O)c(CO)c(C=O)c1O.Cc1nc(C(O)c2c(CO)cnc(C)c2O)c(CO)c(C=O)c1O>>Cc1nc(C(O)c2c(O)c(C)nc(C(O)c3c(O)c(C)nc(C(O)c4c(CO)cnc(C)c4O)c3CO)c2CO)c(CO)c(C=O)c1O
Cc1ncc(CO)c(C=O)c1O.Cc1ncc(CO)c(C=O)c1O>>Cc1nc(C(O)c2c(CO)cnc(C)c2O)c(CO)c(C=O)c1O
rule0051_21
rule0051_21
No_Thermo
No_Thermo

Time used for pathway ranking: 0.00 minutes

Job name: starter_00032
Job type: pathway visualization
Job started on: 2026-02-12 09:18:08.964946
pygraphviz is NOT installed.
A custom node layout will be used for pathway visualization
Number of pathways:  1
Number of reactions in reaxys:  0
Working on creating pages
You can adjust multi-processing number to speed up PDF generation
page done: 1
Job name: starter_00001
Job type: enzymatic network expansion forward
Ruleset: JN3604IMT (JN3604IMT_rules.tsv)
Job started on: 2026-02-12 09:06:52.302543
Number of generations: 2
Number of operators loaded: 3571
Number of molecules before expantion (including cofactors): 42
Number of molecules after expantion (including cofactors): 2115
Number of reactions: 2610
Time used for network generation: 18.98 minutes

Job name: starter_00001
Job type: post-processing pretreat networks
Job started on: 2026-02-12 09:25:55.176145
Loading networks, it may take a while if loading large networks from file
Loading network 1 from memory
Number of reations in network 1: 2610
Networks loaded, now generating reaction strings
Reaction strings generation finished
Removing unconnected reactions
Unconnected reactions removed
Total number of reactions after pretreatment: 2604
Time used for network pretreatment: 0.00 minutes

Job name: starter_00001
Job type: pathway search
Job started on: 2026-02-12 09:25:55.296062
Pathway finder started, total number of reactions in network 2604
Searching for pathways.
If it is taking too long, try adjusting pruning parameters
Pathway search finished, removing loops if there's any.
Time used for pathway search: 0.01 minutes
1 pathways found!
2 reactions found in all pathways
Min number of reactions in a pathway: 2
Max number of reactions in a pathway: 2
Pruning parameters for this search:
search_depth: 2
max_num_rxns: 2
min_rxn_atom_economy: 0.3

Job name: starter_00001
Job type: pathway ranking
Job started on: 2026-02-12 09:25:56.002163
Start ranking pathways. Number of pathways after sanitization: 1
Reaction thermodynamics ranking working
Reaction thermodynamics ranking finished
Atom economy ranking working
Min_eco 0.9635534892754398
Max_eco 0.9635534892754398
None_eco 0
Atom_economy ranking finished
Number of steps ranking working
Number of steps ranking finished
By product_number ranking working
You can adjust multi-processing number to speed it up
By product_number ranking finished
min score 6.0
max score 6.0

Pathway ranking finished. Pathway scores:

ranking 1
final score 6.0
Max reaction enthalpy score 0  x  2  =  0
Number of reactions score 1.0  x  4  =  4.0
By-product score 1.0  x  2  =  2.0
Pathway atom economy score 0.0  x  1  =  0.0
Salt score 0  x  0  =  0
Reaxys score 0  x  0  =  0
Cool score 0  x  0  =  0
atom economy 0.9635534892754398
pathway by-product 0
intermediate by-product {None: 0}
Cc1ncc(COP(=O)(O)O)c(C=O)c1O.Cc1ncc(COP(=O)(O)O)c(C=O)c1O>>Cc1ncc(COP(=O)(O)OP(=O)(O)OCc2cnc(C)c(O)c2C=O)c(C=O)c1O.O
Cc1ncc(COP(=O)(O)OP(=O)(O)OCc2cnc(C)c(O)c2C=O)c(C=O)c1O>>Cc1ncc(COP(=O)(O)OP2(=O)OCc3cnc(C)c(O)c3C(=O)O2)c(CO)c1O
rule0124_32
rule0169_1
No_Thermo
No_Thermo

Time used for pathway ranking: 0.00 minutes

Job name: starter_00001
Job type: pathway visualization
Job started on: 2026-02-12 09:25:56.065368
pygraphviz is NOT installed.
A custom node layout will be used for pathway visualization
Number of pathways:  1
Number of reactions in reaxys:  0
Working on creating pages
You can adjust multi-processing number to speed up PDF generation
page done: 1
Job name: starter_00008
Job type: enzymatic network expansion forward
Ruleset: JN3604IMT (JN3604IMT_rules.tsv)
Job started on: 2026-02-12 09:06:52.326340
Number of generations: 2
Number of operators loaded: 3571
Number of molecules before expantion (including cofactors): 42
Number of molecules after expantion (including cofactors): 2140
Number of reactions: 2750
Time used for network generation: 20.61 minutes

Job name: starter_00008
Job type: post-processing pretreat networks
Job started on: 2026-02-12 09:27:33.235154
Loading networks, it may take a while if loading large networks from file
Loading network 1 from memory
Number of reations in network 1: 2750
Networks loaded, now generating reaction strings
Reaction strings generation finished
Removing unconnected reactions
Unconnected reactions removed
Total number of reactions after pretreatment: 2714
Time used for network pretreatment: 0.00 minutes

Job name: starter_00008
Job type: pathway search
Job started on: 2026-02-12 09:27:33.365665
Pathway finder started, total number of reactions in network 2714
Searching for pathways.
If it is taking too long, try adjusting pruning parameters
Pathway search finished, removing loops if there's any.
Time used for pathway search: 0.01 minutes
4 pathways found!
5 reactions found in all pathways
Min number of reactions in a pathway: 2
Max number of reactions in a pathway: 2
Pruning parameters for this search:
search_depth: 2
max_num_rxns: 2
min_rxn_atom_economy: 0.3

Job name: starter_00008
Job type: pathway ranking
Job started on: 2026-02-12 09:27:34.237938
Start ranking pathways. Number of pathways after sanitization: 4
Reaction thermodynamics ranking working
Reaction thermodynamics ranking finished
Atom economy ranking working
Min_eco 0.8345485325110324
Max_eco 0.9803270202888865
None_eco 0
Atom_economy ranking finished
Number of steps ranking working
Number of steps ranking finished
By product_number ranking working
You can adjust multi-processing number to speed it up
By product_number ranking finished
min score 6.0
max score 7.0

Pathway ranking finished. Pathway scores:

ranking 1
final score 7.0
Max reaction enthalpy score 0  x  2  =  0
Number of reactions score 1.0  x  4  =  4.0
By-product score 1.0  x  2  =  2.0
Pathway atom economy score 1.0  x  1  =  1.0
Salt score 0  x  0  =  0
Reaxys score 0  x  0  =  0
Cool score 0  x  0  =  0
atom economy 0.9803270202888865
pathway by-product 0
intermediate by-product {None: 0}
CC(C)(COP(=O)(O)OP(=O)(O)OC[C@H]1O[C@@H](n2cnc3c(N)ncnc32)[C@H](O)[C@@H]1OP(=O)(O)O)[C@@H](O)C(=O)NCCC(=O)NCCS.C[N+](C)(C)CC(O)C(=O)O>>CC(C)(COP(=O)(O)OP(=O)(O)OC[C@H]1O[C@@H](n2cnc3c(N)ncnc32)[C@H](O)[C@@H]1OP(=O)(O)O)[C@@H](O)C(=O)NCCC(=O)NCCSC(=O)C(O)C[N+](C)(C)C.O
C[N+](C)(C)CCO.O=C=O>>C[N+](C)(C)CC(O)C(=O)O
rule0059_6
rule0023_20
No_Thermo
No_Thermo

ranking 2
final score 6.70484336404589
Max reaction enthalpy score 0  x  2  =  0
Number of reactions score 1.0  x  4  =  4.0
By-product score 1.0  x  2  =  2.0
Pathway atom economy score 0.70484336404589  x  1  =  0.70484336404589
Salt score 0  x  0  =  0
Reaxys score 0  x  0  =  0
Cool score 0  x  0  =  0
atom economy 0.9372995322418978
pathway by-product 0
intermediate by-product {None: 0}
CC(=O)SCCNC(=O)CCNC(=O)[C@H](O)C(C)(C)COP(=O)(O)OP(=O)(O)OC[C@H]1O[C@@H](n2cnc3c(N)ncnc32)[C@H](O)[C@@H]1OP(=O)(O)O.C[N+](C)(C)CC(O)C(=O)O>>CC(=O)O.CC(C)(COP(=O)(O)OP(=O)(O)OC[C@H]1O[C@@H](n2cnc3c(N)ncnc32)[C@H](O)[C@@H]1OP(=O)(O)O)[C@@H](O)C(=O)NCCC(=O)NCCSC(=O)C(O)C[N+](C)(C)C
C[N+](C)(C)CCO.O=C=O>>C[N+](C)(C)CC(O)C(=O)O
rule0152_2
rule0023_20
No_Thermo
No_Thermo

ranking 3
final score 6.459837883222089
Max reaction enthalpy score 0  x  2  =  0
Number of reactions score 1.0  x  4  =  4.0
By-product score 1.0  x  2  =  2.0
Pathway atom economy score 0.45983788322208885  x  1  =  0.45983788322208885
Salt score 0  x  0  =  0
Reaxys score 0  x  0  =  0
Cool score 0  x  0  =  0
atom economy 0.901583003750118
pathway by-product 0
intermediate by-product {None: 0}
CC(C)(COP(=O)(O)OP(=O)(O)OC[C@H]1O[C@@H](n2cnc3c(N)ncnc32)[C@H](O)[C@@H]1OP(=O)(O)O)[C@@H](O)C(=O)NCCC(=O)NCCS.C[N+](C)(C)CC(O)C(=O)O.Nc1ncnc2c1ncn2[C@@H]1O[C@H](COP(=O)(O)OP(=O)(O)OP(=O)(O)O)[C@@H](O)[C@H]1O>>CC(C)(COP(=O)(O)OP(=O)(O)OC[C@H]1O[C@@H](n2cnc3c(N)ncnc32)[C@H](O)[C@@H]1OP(=O)(O)O)[C@@H](O)C(=O)NCCC(=O)NCCSC(=O)C(O)C[N+](C)(C)C.Nc1ncnc2c1ncn2[C@@H]1O[C@H](COP(=O)(O)OP(=O)(O)O)[C@@H](O)[C@H]1O.O=P(O)(O)O
C[N+](C)(C)CCO.O=C=O>>C[N+](C)(C)CC(O)C(=O)O
rule0171_1
rule0023_20
No_Thermo
No_Thermo

ranking 4
final score 6.0
Max reaction enthalpy score 0  x  2  =  0
Number of reactions score 1.0  x  4  =  4.0
By-product score 1.0  x  2  =  2.0
Pathway atom economy score 0.0  x  1  =  0.0
Salt score 0  x  0  =  0
Reaxys score 0  x  0  =  0
Cool score 0  x  0  =  0
atom economy 0.8345485325110324
pathway by-product 0
intermediate by-product {None: 0}
CC(C)(COP(=O)(O)OP(=O)(O)OC[C@H]1O[C@@H](n2cnc3c(N)ncnc32)[C@H](O)[C@@H]1OP(=O)(O)O)[C@@H](O)C(=O)NCCC(=O)NCCS.C[N+](C)(C)CC(O)C(=O)O.Nc1ncnc2c1ncn2[C@@H]1O[C@H](COP(=O)(O)OP(=O)(O)OP(=O)(O)O)[C@@H](O)[C@H]1O>>CC(C)(COP(=O)(O)OP(=O)(O)OC[C@H]1O[C@@H](n2cnc3c(N)ncnc32)[C@H](O)[C@@H]1OP(=O)(O)O)[C@@H](O)C(=O)NCCC(=O)NCCSC(=O)C(O)C[N+](C)(C)C.Nc1ncnc2c1ncn2[C@@H]1O[C@H](COP(=O)(O)O)[C@@H](O)[C@H]1O.O=P(O)(O)OP(=O)(O)O
C[N+](C)(C)CCO.O=C=O>>C[N+](C)(C)CC(O)C(=O)O
rule0039_10
rule0023_20
No_Thermo
No_Thermo

Time used for pathway ranking: 0.00 minutes

Job name: starter_00008
Job type: pathway visualization
Job started on: 2026-02-12 09:27:34.316765
pygraphviz is NOT installed.
A custom node layout will be used for pathway visualization
Number of pathways:  4
Number of reactions in reaxys:  0
Working on creating pages
You can adjust multi-processing number to speed up PDF generation
page done: 1
page done: 2
page done: 3
page done: 4
Job name: starter_00011
Job type: enzymatic network expansion forward
Ruleset: JN3604IMT (JN3604IMT_rules.tsv)
Job started on: 2026-02-12 09:06:52.336839
Number of generations: 2
Number of operators loaded: 3571
Number of molecules before expantion (including cofactors): 41
Number of molecules after expantion (including cofactors): 41
Number of reactions: 0
Time used for network generation: 1.50 minutes

Job name: starter_00011
Job type: post-processing pretreat networks
Job started on: 2026-02-12 09:08:27.786046
Loading networks, it may take a while if loading large networks from file
Loading network 1 from memory
Number of reations in network 1: 0
Networks loaded, now generating reaction strings
Reaction strings generation finished
Removing unconnected reactions
Unconnected reactions removed
Total number of reactions after pretreatment: 0
Time used for network pretreatment: 0.00 minutes

Job name: starter_00011
Job type: pathway search
Job started on: 2026-02-12 09:08:27.790155
Pathway finder started, total number of reactions in network 0
Searching for pathways.
If it is taking too long, try adjusting pruning parameters
No pathway found! Try adjusting pruning parameters.
Pathway search finished, removing loops if there's any.
Time used for pathway search: 0.00 minutes

Job name: starter_00011
Job type: pathway ranking
Job started on: 2026-02-12 09:08:27.792517
Pathway file not found, exiting pathway ranking

Job name: starter_00011
Job type: pathway visualization
Job started on: 2026-02-12 09:08:27.795474
Ranked pathway file not found, exiting pathway visualization

[Worker 12] [00012/14331] SUCCESS | Molecules: 41 | Targets: 25 | Time: 95.55s | SMILES: O=C1O[C@H]([C@@H](O)CO)C(O)=C1O...
Job name: starter_00066
Job type: enzymatic network expansion forward
Ruleset: JN3604IMT (JN3604IMT_rules.tsv)
Job started on: 2026-02-12 09:08:28.640172
Number of generations: 2
Number of operators loaded: 3571
Number of molecules before expantion (including cofactors): 42
Number of molecules after expantion (including cofactors): 4986
Number of reactions: 7188
Time used for network generation: 26.47 minutes

Job name: starter_00066
Job type: post-processing pretreat networks
Job started on: 2026-02-12 09:35:00.964593
Loading networks, it may take a while if loading large networks from file
Loading network 1 from memory
Number of reations in network 1: 7188
Networks loaded, now generating reaction strings
Reaction strings generation finished
Removing unconnected reactions
Unconnected reactions removed
Total number of reactions after pretreatment: 7134
Time used for network pretreatment: 0.00 minutes

Job name: starter_00066
Job type: pathway search
Job started on: 2026-02-12 09:35:01.245844
Pathway finder started, total number of reactions in network 7134
Searching for pathways.
If it is taking too long, try adjusting pruning parameters
Pathway search finished, removing loops if there's any.
Time used for pathway search: 0.02 minutes
1 pathways found!
2 reactions found in all pathways
Min number of reactions in a pathway: 2
Max number of reactions in a pathway: 2
Pruning parameters for this search:
search_depth: 2
max_num_rxns: 2
min_rxn_atom_economy: 0.3

Job name: starter_00066
Job type: pathway ranking
Job started on: 2026-02-12 09:35:02.638682
Start ranking pathways. Number of pathways after sanitization: 1
Reaction thermodynamics ranking working
Reaction thermodynamics ranking finished
Atom economy ranking working
Min_eco 0.5815462097147733
Max_eco 0.5815462097147733
None_eco 0
Atom_economy ranking finished
Number of steps ranking working
Number of steps ranking finished
By product_number ranking working
You can adjust multi-processing number to speed it up
By product_number ranking finished
min score 6.0
max score 6.0

Pathway ranking finished. Pathway scores:

ranking 1
final score 6.0
Max reaction enthalpy score 0  x  2  =  0
Number of reactions score 1.0  x  4  =  4.0
By-product score 1.0  x  2  =  2.0
Pathway atom economy score 0.0  x  1  =  0.0
Salt score 0  x  0  =  0
Reaxys score 0  x  0  =  0
Cool score 0  x  0  =  0
atom economy 0.5815462097147733
pathway by-product 0
intermediate by-product {None: 0}
CC(C)=CCOP(=O)(O)OP(=O)(O)O.CC(N)Cc1ccccc1>>CC(C)=CCc1cccc(CC(C)N)c1.O=P(O)(O)OP(=O)(O)O
CC(C)=CCc1cccc(CC(C)N)c1.O=C=O>>CC(=CCc1cccc(CC(C)N)c1)CC(=O)O
rule0110_5
rule0023_17
No_Thermo
No_Thermo

Time used for pathway ranking: 0.00 minutes

Job name: starter_00066
Job type: pathway visualization
Job started on: 2026-02-12 09:35:02.707033
pygraphviz is NOT installed.
A custom node layout will be used for pathway visualization
Number of pathways:  1
Number of reactions in reaxys:  0
Working on creating pages
You can adjust multi-processing number to speed up PDF generation
page done: 1
Job name: starter_00056
Job type: enzymatic network expansion forward
Ruleset: JN3604IMT (JN3604IMT_rules.tsv)
Job started on: 2026-02-12 09:06:52.512373
Number of generations: 2
Number of operators loaded: 3571
Number of molecules before expantion (including cofactors): 42
Number of molecules after expantion (including cofactors): 3128
Number of reactions: 3472
Time used for network generation: 29.78 minutes

Job name: starter_00056
Job type: post-processing pretreat networks
Job started on: 2026-02-12 09:36:44.430359
Loading networks, it may take a while if loading large networks from file
Loading network 1 from memory
Number of reations in network 1: 3472
Networks loaded, now generating reaction strings
Reaction strings generation finished
Removing unconnected reactions
Unconnected reactions removed
Total number of reactions after pretreatment: 3467
Time used for network pretreatment: 0.00 minutes

Job name: starter_00056
Job type: pathway search
Job started on: 2026-02-12 09:36:44.590812
Pathway finder started, total number of reactions in network 3467
Searching for pathways.
If it is taking too long, try adjusting pruning parameters
Pathway search finished, removing loops if there's any.
Time used for pathway search: 0.02 minutes
4 pathways found!
6 reactions found in all pathways
Min number of reactions in a pathway: 2
Max number of reactions in a pathway: 2
Pruning parameters for this search:
search_depth: 2
max_num_rxns: 2
min_rxn_atom_economy: 0.3

Job name: starter_00056
Job type: pathway ranking
Job started on: 2026-02-12 09:36:46.002916
Start ranking pathways. Number of pathways after sanitization: 4
Reaction thermodynamics ranking working
Reaction thermodynamics ranking finished
Atom economy ranking working
Min_eco 0.9146653403438966
Max_eco 1.0
None_eco 0
Atom_economy ranking finished
Number of steps ranking working
Number of steps ranking finished
By product_number ranking working
You can adjust multi-processing number to speed it up
By product_number ranking finished
min score 6.0
max score 7.0

Pathway ranking finished. Pathway scores:

ranking 1
final score 7.0
Max reaction enthalpy score 0  x  2  =  0
Number of reactions score 1.0  x  4  =  4.0
By-product score 1.0  x  2  =  2.0
Pathway atom economy score 1.0  x  1  =  1.0
Salt score 0  x  0  =  0
Reaxys score 0  x  0  =  0
Cool score 0  x  0  =  0
atom economy 1.0
pathway by-product 0
intermediate by-product {None: 0}
NC(=O)c1ccc[n+]([C@@H]2O[C@H](COP(=O)(O)OP(=O)(O)OC[C@H]3O[C@@H](n4cnc5c(N)ncnc54)[C@H](OP(=O)(O)O)[C@@H]3O)[C@@H](O)[C@H]2O)c1.O=C(OP(=O)(O)O)[C@@H]1CCCN1>>NC(=O)C1=CN([C@@H]2O[C@H](COP(=O)(O)OP(=O)(O)OC[C@H]3O[C@@H](n4cnc5c(N)ncnc54)[C@H](OP(=O)(O)O)[C@@H]3O)[C@@H](O)[C@H]2O)C=CC1.O=C(OP(=O)(O)O)[C@@H]1CCC=N1
Nc1ncnc2c1ncn2[C@@H]1O[C@H](COP(=O)(O)OP(=O)(O)OP(=O)(O)O)[C@@H](O)[C@H]1O.O=C(O)[C@@H]1CCCN1>>Nc1ncnc2c1ncn2[C@@H]1O[C@H](COP(=O)(O)OP(=O)(O)O)[C@@H](O)[C@H]1O.O=C(OP(=O)(O)O)[C@@H]1CCCN1
rule0119_2
rule0015_32
No_Thermo
No_Thermo

ranking 2
final score 7.0
Max reaction enthalpy score 0  x  2  =  0
Number of reactions score 1.0  x  4  =  4.0
By-product score 1.0  x  2  =  2.0
Pathway atom economy score 1.0  x  1  =  1.0
Salt score 0  x  0  =  0
Reaxys score 0  x  0  =  0
Cool score 0  x  0  =  0
atom economy 1.0
pathway by-product 0
intermediate by-product {None: 0}
NC(=O)c1ccc[n+]([C@@H]2O[C@H](COP(=O)(O)OP(=O)(O)OC[C@H]3O[C@@H](n4cnc5c(N)ncnc54)[C@H](OP(=O)(O)O)[C@@H]3O)[C@@H](O)[C@H]2O)c1.O=C(O)[C@@H]1CCCN1>>NC(=O)C1=CN([C@@H]2O[C@H](COP(=O)(O)OP(=O)(O)OC[C@H]3O[C@@H](n4cnc5c(N)ncnc54)[C@H](OP(=O)(O)O)[C@@H]3O)[C@@H](O)[C@H]2O)C=CC1.O=C(O)[C@@H]1CCC=N1
Nc1ncnc2c1ncn2[C@@H]1O[C@H](COP(=O)(O)OP(=O)(O)OP(=O)(O)O)[C@@H](O)[C@H]1O.O=C(O)[C@@H]1CCC=N1>>Nc1ncnc2c1ncn2[C@@H]1O[C@H](COP(=O)(O)OP(=O)(O)O)[C@@H](O)[C@H]1O.O=C(OP(=O)(O)O)[C@@H]1CCC=N1
rule0119_2
rule0015_32
No_Thermo
No_Thermo

ranking 3
final score 6.0
Max reaction enthalpy score 0  x  2  =  0
Number of reactions score 1.0  x  4  =  4.0
By-product score 1.0  x  2  =  2.0
Pathway atom economy score 0.0  x  1  =  0.0
Salt score 0  x  0  =  0
Reaxys score 0  x  0  =  0
Cool score 0  x  0  =  0
atom economy 0.9146653403438966
pathway by-product 0
intermediate by-product {None: 0}
NC(=O)c1ccc[n+]([C@@H]2O[C@H](COP(=O)(O)OP(=O)(O)OC[C@H]3O[C@@H](n4cnc5c(N)ncnc54)[C@H](OP(=O)(O)O)[C@@H]3O)[C@@H](O)[C@H]2O)c1.O=C(OP(=O)(O)O)[C@@H]1CCCN1>>NC(=O)C1=CN([C@@H]2O[C@H](COP(=O)(O)OP(=O)(O)OC[C@H]3O[C@@H](n4cnc5c(N)ncnc54)[C@H](OP(=O)(O)O)[C@@H]3O)[C@@H](O)[C@H]2O)C=CC1.O=C(OP(=O)(O)O)[C@@H]1CCC=N1
O=C(O)[C@@H]1CCCN1.O=P(O)(O)O>>O.O=C(OP(=O)(O)O)[C@@H]1CCCN1
rule0119_2
rule0017_44
No_Thermo
No_Thermo

ranking 4
final score 6.0
Max reaction enthalpy score 0  x  2  =  0
Number of reactions score 1.0  x  4  =  4.0
By-product score 1.0  x  2  =  2.0
Pathway atom economy score 0.0  x  1  =  0.0
Salt score 0  x  0  =  0
Reaxys score 0  x  0  =  0
Cool score 0  x  0  =  0
atom economy 0.9146653403438966
pathway by-product 0
intermediate by-product {None: 0}
NC(=O)c1ccc[n+]([C@@H]2O[C@H](COP(=O)(O)OP(=O)(O)OC[C@H]3O[C@@H](n4cnc5c(N)ncnc54)[C@H](OP(=O)(O)O)[C@@H]3O)[C@@H](O)[C@H]2O)c1.O=C(O)[C@@H]1CCCN1>>NC(=O)C1=CN([C@@H]2O[C@H](COP(=O)(O)OP(=O)(O)OC[C@H]3O[C@@H](n4cnc5c(N)ncnc54)[C@H](OP(=O)(O)O)[C@@H]3O)[C@@H](O)[C@H]2O)C=CC1.O=C(O)[C@@H]1CCC=N1
O=C(O)[C@@H]1CCC=N1.O=P(O)(O)O>>O.O=C(OP(=O)(O)O)[C@@H]1CCC=N1
rule0119_2
rule0017_44
No_Thermo
No_Thermo

Time used for pathway ranking: 0.00 minutes

Job name: starter_00056
Job type: pathway visualization
Job started on: 2026-02-12 09:36:46.068271
pygraphviz is NOT installed.
A custom node layout will be used for pathway visualization
Number of pathways:  4
Number of reactions in reaxys:  0
Working on creating pages
You can adjust multi-processing number to speed up PDF generation
page done: 1
page done: 2
page done: 3
page done: 4
Finished with pages, writing to pdf
Time used for pathway visualization: 0.01 minutes

A custom node layout was used for pathway visualization
For a better layout, please install pygraphviz and Graphviz with the following command:
conda install conda-forge::pygraphviz
which should install both packages together

[Worker 55] [00055/14331] SUCCESS | Molecules: 832 | Targets: 814 | Time: 344.38s | SMILES: CC1=CC(=O)c2ccccc2C1=O...
Job name: starter_00068
Job type: enzymatic network expansion forward
Ruleset: JN3604IMT (JN3604IMT_rules.tsv)
Job started on: 2026-02-12 09:12:37.773705
Number of generations: 2
Number of operators loaded: 3571
Number of molecules before expantion (including cofactors): 42
Number of molecules after expantion (including cofactors): 42
Number of reactions: 0
Time used for network generation: 0.30 minutes

Job name: starter_00068
Job type: post-processing pretreat networks
Job started on: 2026-02-12 09:13:00.645458
Loading networks, it may take a while if loading large networks from file
Loading network 1 from memory
Number of reations in network 1: 0
Networks loaded, now generating reaction strings
Reaction strings generation finished
Removing unconnected reactions
Unconnected reactions removed
Total number of reactions after pretreatment: 0
Time used for network pretreatment: 0.00 minutes

Job name: starter_00068
Job type: pathway search
Job started on: 2026-02-12 09:13:00.649372
Pathway finder started, total number of reactions in network 0
Searching for pathways.
If it is taking too long, try adjusting pruning parameters
No pathway found! Try adjusting pruning parameters.
Pathway search finished, removing loops if there's any.
Time used for pathway search: 0.00 minutes

Job name: starter_00068
Job type: pathway ranking
Job started on: 2026-02-12 09:13:00.651586
Pathway file not found, exiting pathway ranking

Job name: starter_00068
Job type: pathway visualization
Job started on: 2026-02-12 09:13:00.654775
Ranked pathway file not found, exiting pathway visualization

[Worker 56] [00069/14331] SUCCESS | Molecules: 42 | Targets: 26 | Time: 22.96s | SMILES: CN1CCC[C@H]1c1cccnc1...
Job name: starter_00069
Job type: enzymatic network expansion forward
Ruleset: JN3604IMT (JN3604IMT_rules.tsv)
Job started on: 2026-02-12 09:13:01.503135
Number of generations: 2
Number of operators loaded: 3571
Number of molecules before expantion (including cofactors): 42
Number of molecules after expantion (including cofactors): 42
Number of reactions: 0
Time used for network generation: 0.39 minutes

Job name: starter_00069
Job type: post-processing pretreat networks
Job started on: 2026-02-12 09:13:30.215524
Loading networks, it may take a while if loading large networks from file
Loading network 1 from memory
Number of reations in network 1: 0
Networks loaded, now generating reaction strings
Reaction strings generation finished
Removing unconnected reactions
Unconnected reactions removed
Total number of reactions after pretreatment: 0
Time used for network pretreatment: 0.00 minutes

Job name: starter_00069
Job type: pathway search
Job started on: 2026-02-12 09:13:30.219271
Pathway finder started, total number of reactions in network 0
Searching for pathways.
If it is taking too long, try adjusting pruning parameters
No pathway found! Try adjusting pruning parameters.
Pathway search finished, removing loops if there's any.
Time used for pathway search: 0.00 minutes

Job name: starter_00069
Job type: pathway ranking
Job started on: 2026-02-12 09:13:30.221493
Pathway file not found, exiting pathway ranking

Job name: starter_00069
Job type: pathway visualization
Job started on: 2026-02-12 09:13:30.224798
Ranked pathway file not found, exiting pathway visualization

[Worker 57] [00070/14331] SUCCESS | Molecules: 42 | Targets: 26 | Time: 28.8s | SMILES: CC1O[C@@]2(CS1)CN1CCC2CC1...
Job name: starter_00070
Job type: enzymatic network expansion forward
Ruleset: JN3604IMT (JN3604IMT_rules.tsv)
Job started on: 2026-02-12 09:13:31.047614
Number of generations: 2
Number of operators loaded: 3571
Number of molecules before expantion (including cofactors): 42
Number of molecules after expantion (including cofactors): 2701
Number of reactions: 4330
Time used for network generation: 36.86 minutes

Job name: starter_00070
Job type: post-processing pretreat networks
Job started on: 2026-02-12 09:50:28.912889
Loading networks, it may take a while if loading large networks from file
Loading network 1 from memory
Number of reations in network 1: 4330
Networks loaded, now generating reaction strings
Reaction strings generation finished
Removing unconnected reactions
Unconnected reactions removed
Total number of reactions after pretreatment: 4327
Time used for network pretreatment: 0.01 minutes

Job name: starter_00070
Job type: pathway search
Job started on: 2026-02-12 09:50:29.253173
Pathway finder started, total number of reactions in network 4327
Searching for pathways.
If it is taking too long, try adjusting pruning parameters
Pathway search finished, removing loops if there's any.
Time used for pathway search: 0.04 minutes
1 pathways found!
2 reactions found in all pathways
Min number of reactions in a pathway: 2
Max number of reactions in a pathway: 2
Pruning parameters for this search:
search_depth: 2
max_num_rxns: 2
min_rxn_atom_economy: 0.3

Job name: starter_00070
Job type: pathway ranking
Job started on: 2026-02-12 09:50:31.434341
Start ranking pathways. Number of pathways after sanitization: 1
Reaction thermodynamics ranking working
Reaction thermodynamics ranking finished
Atom economy ranking working
Min_eco 1
Max_eco 1.0
None_eco 0
Atom_economy ranking finished
Number of steps ranking working
Number of steps ranking finished
By product_number ranking working
You can adjust multi-processing number to speed it up
By product_number ranking finished
min score 6.0
max score 6.0

Pathway ranking finished. Pathway scores:

ranking 1
final score 6.0
Max reaction enthalpy score 0  x  2  =  0
Number of reactions score 1.0  x  4  =  4.0
By-product score 1.0  x  2  =  2.0
Pathway atom economy score 0.0  x  1  =  0.0
Salt score 0  x  0  =  0
Reaxys score 0  x  0  =  0
Cool score 0  x  0  =  0
atom economy 1.0
pathway by-product 0
intermediate by-product {None: 0}
NC(=O)C1=CN([C@@H]2O[C@H](COP(=O)(O)OP(=O)(O)OC[C@H]3O[C@@H](n4cnc5c(N)ncnc54)[C@H](OP(=O)(O)O)[C@@H]3O)[C@@H](O)[C@H]2O)C=CC1.O=C(O)c1ccc(Cl)c(C2=NC(O)C(=O)Nc3ccc(Cl)cc32)c1>>NC(=O)c1ccc[n+]([C@@H]2O[C@H](COP(=O)(O)OP(=O)(O)OC[C@H]3O[C@@H](n4cnc5c(N)ncnc54)[C@H](OP(=O)(O)O)[C@@H]3O)[C@@H](O)[C@H]2O)c1.O=C(O)C1=CC(C2=NC(O)C(=O)Nc3ccc(Cl)cc32)C(Cl)C=C1
O=C1Nc2ccc(Cl)cc2C(c2ccccc2Cl)=NC1O.O=C=O>>O=C(O)c1ccc(Cl)c(C2=NC(O)C(=O)Nc3ccc(Cl)cc32)c1
rule0102_1
rule0023_09
No_Thermo
No_Thermo

Time used for pathway ranking: 0.00 minutes

Job name: starter_00070
Job type: pathway visualization
Job started on: 2026-02-12 09:50:31.524019
pygraphviz is NOT installed.
A custom node layout will be used for pathway visualization
Number of pathways:  1
Number of reactions in reaxys:  0
Working on creating pages
You can adjust multi-processing number to speed up PDF generation
page done: 1
Finished with pages, writing to pdf
Time used for pathway visualization: 0.01 minutes

A custom node layout was used for pathway visualization
For a better layout, please install pygraphviz and Graphviz with the following command:
conda install conda-forge::pygraphviz
which should install both packages together

[Worker 13] [00067/14331] SUCCESS | Molecules: 4986 | Targets: 4964 | Time: 1594.76s | SMILES: CC(N)Cc1ccccc1...
Job name: starter_00075
Job type: enzymatic network expansion forward
Ruleset: JN3604IMT (JN3604IMT_rules.tsv)
Job started on: 2026-02-12 09:35:04.091805
Number of generations: 2
Number of operators loaded: 3571
Number of molecules before expantion (including cofactors): 42
Number of molecules after expantion (including cofactors): 4351
Number of reactions: 6195
Time used for network generation: 21.20 minutes

Job name: starter_00075
Job type: post-processing pretreat networks
Job started on: 2026-02-12 09:56:20.072699
Loading networks, it may take a while if loading large networks from file
Loading network 1 from memory
Number of reations in network 1: 6195
Networks loaded, now generating reaction strings
Reaction strings generation finished
Removing unconnected reactions
Unconnected reactions removed
Total number of reactions after pretreatment: 6148
Time used for network pretreatment: 0.00 minutes

Job name: starter_00075
Job type: pathway search
Job started on: 2026-02-12 09:56:20.322428
Pathway finder started, total number of reactions in network 6148
Searching for pathways.
If it is taking too long, try adjusting pruning parameters
Pathway search finished, removing loops if there's any.
Time used for pathway search: 0.02 minutes
1 pathways found!
2 reactions found in all pathways
Min number of reactions in a pathway: 2
Max number of reactions in a pathway: 2
Pruning parameters for this search:
search_depth: 2
max_num_rxns: 2
min_rxn_atom_economy: 0.3

Job name: starter_00075
Job type: pathway ranking
Job started on: 2026-02-12 09:56:21.534265
Start ranking pathways. Number of pathways after sanitization: 1
Reaction thermodynamics ranking working
Reaction thermodynamics ranking finished
Atom economy ranking working
Min_eco 0.6437236257864061
Max_eco 0.6437236257864061
None_eco 0
Atom_economy ranking finished
Number of steps ranking working
Number of steps ranking finished
By product_number ranking working
You can adjust multi-processing number to speed it up
By product_number ranking finished
min score 6.0
max score 6.0

Pathway ranking finished. Pathway scores:

ranking 1
final score 6.0
Max reaction enthalpy score 0  x  2  =  0
Number of reactions score 1.0  x  4  =  4.0
By-product score 1.0  x  2  =  2.0
Pathway atom economy score 0.0  x  1  =  0.0
Salt score 0  x  0  =  0
Reaxys score 0  x  0  =  0
Cool score 0  x  0  =  0
atom economy 0.6437236257864061
pathway by-product 0
intermediate by-product {None: 0}
CC(C)(N)Cc1ccccc1.CC(C)(N)Cc1ccccc1>>C.CC(C)(N)Cc1ccccc1C(C)(N)Cc1ccccc1
CC(C)(N)Cc1ccccc1C(C)(N)Cc1ccccc1.CC(C)=CCOP(=O)(O)OP(=O)(O)O>>CC(C)=CCc1ccccc1CC(C)(N)c1ccccc1CC(C)(C)N.O=P(O)(O)OP(=O)(O)O
rule0126_2
rule0110_5
No_Thermo
No_Thermo

Time used for pathway ranking: 0.00 minutes

Job name: starter_00075
Job type: pathway visualization
Job started on: 2026-02-12 09:56:21.597213
pygraphviz is NOT installed.
A custom node layout will be used for pathway visualization
Number of pathways:  1
Number of reactions in reaxys:  0
Working on creating pages
You can adjust multi-processing number to speed up PDF generation
page done: 1
Job name: starter_00037
Job type: enzymatic network expansion forward
Ruleset: JN3604IMT (JN3604IMT_rules.tsv)
Job started on: 2026-02-12 09:06:52.421936
Number of generations: 2
Number of operators loaded: 3571
Number of molecules before expantion (including cofactors): 42
Number of molecules after expantion (including cofactors): 5952
Number of reactions: 7278
Time used for network generation: 49.71 minutes

Job name: starter_00037
Job type: post-processing pretreat networks
Job started on: 2026-02-12 09:56:41.333952
Loading networks, it may take a while if loading large networks from file
Loading network 1 from memory
Number of reations in network 1: 7278
Networks loaded, now generating reaction strings
Reaction strings generation finished
Removing unconnected reactions
Unconnected reactions removed
Total number of reactions after pretreatment: 7271
Time used for network pretreatment: 0.00 minutes

Job name: starter_00037
Job type: pathway search
Job started on: 2026-02-12 09:56:41.624300
Pathway finder started, total number of reactions in network 7271
Searching for pathways.
If it is taking too long, try adjusting pruning parameters
Pathway search finished, removing loops if there's any.
Time used for pathway search: 0.05 minutes
1 pathways found!
2 reactions found in all pathways
Min number of reactions in a pathway: 2
Max number of reactions in a pathway: 2
Pruning parameters for this search:
search_depth: 2
max_num_rxns: 2
min_rxn_atom_economy: 0.3

Job name: starter_00037
Job type: pathway ranking
Job started on: 2026-02-12 09:56:44.361588
Start ranking pathways. Number of pathways after sanitization: 1
Reaction thermodynamics ranking working
Reaction thermodynamics ranking finished
Atom economy ranking working
Min_eco 0.6896258695668557
Max_eco 0.6896258695668557
None_eco 0
Atom_economy ranking finished
Number of steps ranking working
Number of steps ranking finished
By product_number ranking working
You can adjust multi-processing number to speed it up
By product_number ranking finished
min score 6.0
max score 6.0

Pathway ranking finished. Pathway scores:

ranking 1
final score 6.0
Max reaction enthalpy score 0  x  2  =  0
Number of reactions score 1.0  x  4  =  4.0
By-product score 1.0  x  2  =  2.0
Pathway atom economy score 0.0  x  1  =  0.0
Salt score 0  x  0  =  0
Reaxys score 0  x  0  =  0
Cool score 0  x  0  =  0
atom economy 0.6896258695668557
pathway by-product 0
intermediate by-product {None: 0}
Cc1ncc(C[n+]2csc(CC(CO)c3sc[n+](Cc4cnc(C)nc4N)c3C)c2C)c(N)n1.Cc1ncc(C[n+]2csc(CC(CO)c3sc[n+](Cc4cnc(C)nc4N)c3C)c2C)c(N)n1>>Cc1ncc(C[n+]2csc(CC(c3cnc(C)nc3N)[n+]3csc(CC(CO)c4sc[n+](Cc5cnc(C)nc5N)c4C)c3C)c2C)c(N)n1.Cc1ncc(C[n+]2csc(CCO)c2C)c(N)n1
Cc1ncc(C[n+]2csc(CCO)c2C)c(N)n1.Cc1ncc(C[n+]2csc(CCO)c2C)c(N)n1>>CO.Cc1ncc(C[n+]2csc(CC(CO)c3sc[n+](Cc4cnc(C)nc4N)c3C)c2C)c(N)n1
rule0126_2
rule0126_2
No_Thermo
No_Thermo

Time used for pathway ranking: 0.00 minutes

Job name: starter_00037
Job type: pathway visualization
Job started on: 2026-02-12 09:56:44.431164
pygraphviz is NOT installed.
A custom node layout will be used for pathway visualization
Number of pathways:  1
Number of reactions in reaxys:  0
Working on creating pages
You can adjust multi-processing number to speed up PDF generation
page done: 1
Finished with pages, writing to pdf
Time used for pathway visualization: 0.01 minutes

A custom node layout was used for pathway visualization
For a better layout, please install pygraphviz and Graphviz with the following command:
conda install conda-forge::pygraphviz
which should install both packages together

[Worker 58] [00071/14331] SUCCESS | Molecules: 2701 | Targets: 2681 | Time: 2221.44s | SMILES: O=C1Nc2ccc(Cl)cc2C(c2ccccc2Cl)=NC1O...
Job name: starter_00077
Job type: enzymatic network expansion forward
Ruleset: JN3604IMT (JN3604IMT_rules.tsv)
Job started on: 2026-02-12 09:50:33.418113
Number of generations: 2
Number of operators loaded: 3571
Number of molecules before expantion (including cofactors): 42
Number of molecules after expantion (including cofactors): 3423
Number of reactions: 4833
Time used for network generation: 26.38 minutes

Job name: starter_00077
Job type: post-processing pretreat networks
Job started on: 2026-02-12 10:17:00.362652
Loading networks, it may take a while if loading large networks from file
Loading network 1 from memory
Number of reations in network 1: 4833
Networks loaded, now generating reaction strings
Reaction strings generation finished
Removing unconnected reactions
Unconnected reactions removed
Total number of reactions after pretreatment: 4781
Time used for network pretreatment: 0.00 minutes

Job name: starter_00077
Job type: pathway search
Job started on: 2026-02-12 10:17:00.559804
Pathway finder started, total number of reactions in network 4781
Searching for pathways.
If it is taking too long, try adjusting pruning parameters
Pathway search finished, removing loops if there's any.
Time used for pathway search: 0.02 minutes
1 pathways found!
2 reactions found in all pathways
Min number of reactions in a pathway: 2
Max number of reactions in a pathway: 2
Pruning parameters for this search:
search_depth: 2
max_num_rxns: 2
min_rxn_atom_economy: 0.3

Job name: starter_00077
Job type: pathway ranking
Job started on: 2026-02-12 10:17:01.796334
Start ranking pathways. Number of pathways after sanitization: 1
Reaction thermodynamics ranking working
Reaction thermodynamics ranking finished
Atom economy ranking working
Min_eco 1
Max_eco 1.0
None_eco 0
Atom_economy ranking finished
Number of steps ranking working
Number of steps ranking finished
By product_number ranking working
You can adjust multi-processing number to speed it up
By product_number ranking finished
min score 6.0
max score 6.0

Pathway ranking finished. Pathway scores:

ranking 1
final score 6.0
Max reaction enthalpy score 0  x  2  =  0
Number of reactions score 1.0  x  4  =  4.0
By-product score 1.0  x  2  =  2.0
Pathway atom economy score 0.0  x  1  =  0.0
Salt score 0  x  0  =  0
Reaxys score 0  x  0  =  0
Cool score 0  x  0  =  0
atom economy 1.0
pathway by-product 0
intermediate by-product {None: 0}
COC(C=O)=CC(=CC=O)C1(O)CCCCC1CN(C)C.COC(C=O)=CC(=CC=O)C1(O)CCCCC1CN(C)C>>COC(=CC(=CC=O)C1(O)CCCCC1CN(C)C)C(O)C(C(=CC=O)C1(O)CCCCC1CN(C)C)=C(C=O)OC
COc1cccc(C2(O)CCCCC2CN(C)C)c1.O=O>>COC(C=O)=CC(=CC=O)C1(O)CCCCC1CN(C)C
rule0051_15
rule0052_1
No_Thermo
No_Thermo

Time used for pathway ranking: 0.00 minutes

Job name: starter_00077
Job type: pathway visualization
Job started on: 2026-02-12 10:17:01.900117
pygraphviz is NOT installed.
A custom node layout will be used for pathway visualization
Number of pathways:  1
Number of reactions in reaxys:  0
Working on creating pages
You can adjust multi-processing number to speed up PDF generation
page done: 1
Warning: Timeout or error collecting result: 
Warning: Worker 1117587 did not exit cleanly, terminating...
Warning: Worker 1117588 did not exit cleanly, terminating...
Warning: Worker 1117589 did not exit cleanly, terminating...
Warning: Worker 1117590 did not exit cleanly, terminating...
Warning: Worker 1117591 did not exit cleanly, terminating...
Warning: Worker 1117592 did not exit cleanly, terminating...
Warning: Worker 1117593 did not exit cleanly, terminating...
Warning: Worker 1117594 did not exit cleanly, terminating...
Warning: Worker 1117595 did not exit cleanly, terminating...
Warning: Worker 1117596 did not exit cleanly, terminating...
Warning: Worker 1117597 did not exit cleanly, terminating...
Warning: Worker 1117598 did not exit cleanly, terminating...
Warning: Worker 1117599 did not exit cleanly, terminating...
Warning: Worker 1117600 did not exit cleanly, terminating...
Warning: Worker 1117601 did not exit cleanly, terminating...
Warning: Worker 1117602 did not exit cleanly, terminating...
Warning: Worker 1117603 did not exit cleanly, terminating...
Warning: Worker 1117604 did not exit cleanly, terminating...
Warning: Worker 1117605 did not exit cleanly, terminating...
Warning: Worker 1117606 did not exit cleanly, terminating...
Warning: Worker 1117607 did not exit cleanly, terminating...
Warning: Worker 1117608 did not exit cleanly, terminating...
Warning: Worker 1117609 did not exit cleanly, terminating...
Warning: Worker 1117610 did not exit cleanly, terminating...
Warning: Worker 1117611 did not exit cleanly, terminating...
Warning: Worker 1117612 did not exit cleanly, terminating...
Warning: Worker 1117613 did not exit cleanly, terminating...
Warning: Worker 1117614 did not exit cleanly, terminating...
Warning: Worker 1117615 did not exit cleanly, terminating...
Warning: Worker 1117616 did not exit cleanly, terminating...
Warning: Worker 1117617 did not exit cleanly, terminating...
Warning: Worker 1117618 did not exit cleanly, terminating...
Warning: Worker 1117619 did not exit cleanly, terminating...
Warning: Worker 1117620 did not exit cleanly, terminating...
Warning: Worker 1117621 did not exit cleanly, terminating...
Warning: Worker 1117622 did not exit cleanly, terminating...
Warning: Worker 1117623 did not exit cleanly, terminating...
Warning: Worker 1117624 did not exit cleanly, terminating...
Warning: Worker 1117625 did not exit cleanly, terminating...
Warning: Worker 1117626 did not exit cleanly, terminating...
Warning: Worker 1117627 did not exit cleanly, terminating...
Warning: Worker 1117628 did not exit cleanly, terminating...
Warning: Worker 1117629 did not exit cleanly, terminating...
Warning: Worker 1117630 did not exit cleanly, terminating...
Warning: Worker 1117631 did not exit cleanly, terminating...
Warning: Worker 1117632 did not exit cleanly, terminating...
Warning: Worker 1117633 did not exit cleanly, terminating...
Warning: Worker 1117634 did not exit cleanly, terminating...
Warning: Worker 1117635 did not exit cleanly, terminating...
Warning: Worker 1117636 did not exit cleanly, terminating...
Warning: Worker 1117637 did not exit cleanly, terminating...
Warning: Worker 1117638 did not exit cleanly, terminating...
Warning: Worker 1117639 did not exit cleanly, terminating...
Warning: Worker 1117640 did not exit cleanly, terminating...
Warning: Worker 1117641 did not exit cleanly, terminating...
Warning: Worker 1117642 did not exit cleanly, terminating...
Warning: Worker 1117643 did not exit cleanly, terminating...
Warning: Worker 1117644 did not exit cleanly, terminating...
Warning: Worker 1117645 did not exit cleanly, terminating...
Warning: Worker 1117646 did not exit cleanly, terminating...
Warning: Worker 1117647 did not exit cleanly, terminating...
Warning: Worker 1117648 did not exit cleanly, terminating...
Warning: Worker 1117649 did not exit cleanly, terminating...
Warning: Worker 1117650 did not exit cleanly, terminating...

Collected 13 / 14332 results

Summary saved to: doranet_output/processing_summary.csv

======================================================================
PROCESSING SUMMARY
======================================================================
Total starters processed: 13
Successful: 13
Failed: 0
Total molecules generated: 16082
Total targets processed: 15841
Average time per starter: 592.99s
Total wall time: 6242.07s
